---
source: tests/golden_tests.rs
input_file: tests/golden_tests/compile_file_o_all/addition_var_fst.bend
---
@main = ($([+0x0000001] a) a)
