---
source: tests/golden_tests.rs
input_file: tests/golden_tests/compile_file/f24_oper.bend
---
@main = b
  & $(1.2399902 $([/] $(a b))) ~ [*0x042F830]
  & $(-235.1211 a) ~ [+0x0000000]
