---
source: tests/golden_tests.rs
input_file: tests/golden_tests/compile_file_o_all/addition.bend
---
@main = c
  & (a b) ~ (8 c)
  & $(1 $([+] $(a b))) ~ [+0x0000001]
