---
source: tests/golden_tests.rs
input_file: tests/golden_tests/compile_file/error_data_def_name.bend
---
[4m[1m[31mErrors:[0m
In tests/golden_tests/compile_file/error_data_def_name.bend :
Redefinition of constructor 'A/A'.
[0m  2 | [4m[31mA/A = 0[0m
