---
source: tests/golden_tests.rs
input_file: tests/golden_tests/desugar_file/local_def_shadow.bend
---
(main) = 1

(main__local_0_A__local_0_B) = 0

(main__local_1_A__local_1_B) = 1

(main__local_1_A) = main__local_1_A__local_1_B

(main__local_0_A) = main__local_0_A__local_0_B
