---
source: tests/golden_tests.rs
input_file: tests/golden_tests/import_system/imports.bend
---
3
