---
source: tests/golden_tests.rs
input_file: tests/golden_tests/parse_file/fun_def_name.bend
---
[4m[1m[31mErrors:[0m
In tests/golden_tests/parse_file/fun_def_name.bend :
Expected a rule with name 'aux'.
[0m  4 |       [4m[31maux2 (List/Cons head tail) = (+ head (aux tail))[0m
