---
source: tests/golden_tests.rs
input_file: tests/golden_tests/parse_file/fun_def.bend
---
(main) = let base = 0; def (aux) = Î»%arg0 match %arg0 = %arg0 { List/Nil: base; List/Cons %arg0.head %arg0.tail: use tail = %arg0.tail; use head = %arg0.head; (+ head (aux tail)); }(aux (List/Cons 1 (List/Cons 2 (List/Cons 3 List/Nil))))
